// Jest Snapshot v1, https://goo.gl/fbAQLP

exports[`Cursor Component Basic Rendering renders correctly with default props 1`] = `
<Text
  style={
    [
      {
        "opacity": 0,
      },
      undefined,
    ]
  }
>
  |
</Text>
`;
